======================================================================
  公募基金净值发布系统 - 完整功能测试
======================================================================

[0] 初始化数据库...
数据库初始化完成
示例基金数据初始化完成
python : Traceback (most recent call last):
所在位置 行:1 字符: 1
+ python -u test_system.py > e:\work\d004\test_output.txt 2>&1 ; Get-Co ...
+ ~~~~~~~~~~~~~~~~~~~~~~~~~~~~~~~~~~~~~~~~~~~~~~~~~~~~~~~~~~~~
    + CategoryInfo          : NotSpecified: (Traceback (most recent call last) 
   ::String) [], RemoteException
    + FullyQualifiedErrorId : NativeCommandError
 
  File "E:\work\d004\test_system.py", line 327, in <module>
    test_full_flow()
    ~~~~~~~~~~~~~~^^
  File "E:\work\d004\test_system.py", line 95, in test_full_flow
    print("  \u2713 数据库初始化完成")
    ~~~~~^^^^^^^^^^^^^^^^^^^^^^^^
UnicodeEncodeError: 'gbk' codec can't encode character '\u2713' in position 2: 
illegal multibyte sequence
